[2026-10-10 01:32:21] INFO    | ============================================================
[2026-10-10 01:32:21] INFO    | IPTV Auto Aggregator v2.0
[2026-10-10 01:32:21] INFO    | Sources configured: 4
[2026-10-10 01:32:21] INFO    | ============================================================
[2026-10-10 01:32:21] INFO    | FETCH | iptv-org Index
[2026-10-10 01:32:21] INFO    | OK    | iptv-org Index → 11249 channels
[2026-10-10 01:32:21] INFO    | LIMIT | iptv-org Index → first 4000
[2026-10-10 01:32:21] INFO    | FETCH | Free-TV IPTV
[2026-10-10 01:32:21] INFO    | OK    | Free-TV IPTV → 2080 channels
[2026-10-10 01:32:21] INFO    | FETCH | Dearbulut Best
[2026-10-10 01:32:21] INFO    | OK    | Dearbulut Best → 10165 channels
[2026-10-10 01:32:21] INFO    | LIMIT | Dearbulut Best → first 4000
[2026-10-10 01:32:21] INFO    | FETCH | Dearbulut Online
[2026-10-10 01:32:22] INFO    | OK    | Dearbulut Online → 8333 channels
[2026-10-10 01:32:22] INFO    | LIMIT | Dearbulut Online → first 4000
[2026-10-10 01:32:22] INFO    | TOTAL | Collected 14080 channels from 4/4 sources
[2026-10-10 01:32:22] INFO    | DEDUP | 14080 → 7177 unique
[2026-10-10 01:32:22] INFO    | FILTER| 7177 → 291
[2026-10-10 01:32:22] INFO    | HEALTH| Checking 291 streams (40 workers, 6s timeout)
[2026-10-10 01:32:45] INFO    | HEALTH| Progress 291/291
[2026-10-10 01:32:45] INFO    | HEALTH| Finished → 247 working / 291 total (23.6s)
[2026-10-10 01:32:45] INFO    | WRITE | playlist.m3u → 291 channels
[2026-10-10 01:32:45] INFO    | WRITE | online.m3u → 247 channels
[2026-10-10 01:32:45] INFO    | WRITE | channels.json → 291 channels
[2026-10-10 01:32:45] INFO    | ============================================================
[2026-10-10 01:32:45] INFO    | DONE  | Total unique : 291
[2026-10-10 01:32:45] INFO    | DONE  | Online       : 247
[2026-10-10 01:32:45] INFO    | DONE  | Sources OK   : 4/4
[2026-10-10 01:32:45] INFO    | ============================================================
